0 0 0
0 32 32
0 64 64
0 96 96
0 128 128
0 160 160
0 192 192
0 224 224
0 256 256
0 288 288
0 320 320
0 352 352
0 384 384
0 416 416
0 448 448
0 480 480
0 512 512
0 544 544
0 576 576
0 608 608
0 640 640
0 672 672
0 704 704
0 736 736
0 768 768
0 800 800
0 832 832
0 864 864
0 896 896
0 928 928
0 960 960
0 992 992
0 262144 262144
0 262176 262176
0 262208 262208
0 262240 262240
0 262272 262272
0 262304 262304
0 262336 262336
0 262368 262368
0 262400 262400
0 262432 262432
0 262464 262464
0 262496 262496
0 262528 262528
0 262560 262560
0 262592 262592
0 262624 262624
0 262656 262656
0 262688 262688
0 262720 262720
0 262752 262752
0 262784 262784
0 262816 262816
0 262848 262848
0 262880 262880
0 262912 262912
0 262944 262944
0 262976 262976
0 263008 263008
0 263040 263040
0 263072 263072
0 263104 263104
0 263136 263136
0 524288 524288
0 524320 524320
0 524352 524352
0 524384 524384
0 524416 524416
0 524448 524448
0 524480 524480
0 524512 524512
0 524544 524544
0 524576 524576
0 524608 524608
0 524640 524640
0 524672 524672
0 524704 524704
0 524736 524736
0 524768 524768
0 524800 524800
0 524832 524832
0 524864 524864
0 524896 524896
0 524928 524928
0 524960 524960
0 524992 524992
0 525024 525024
0 525056 525056
0 525088 525088
0 525120 525120
0 525152 525152
0 525184 525184
0 525216 525216
0 525248 525248
0 525280 525280
0 786432 786432
0 786464 786464
0 786496 786496
0 786528 786528
0 786560 786560
0 786592 786592
0 786624 786624
0 786656 786656
0 786688 786688
0 786720 786720
0 786752 786752
0 786784 786784
0 786816 786816
0 786848 786848
0 786880 786880
0 786912 786912
0 786944 786944
0 786976 786976
0 787008 787008
0 787040 787040
0 787072 787072
0 787104 787104
0 787136 787136
0 787168 787168
0 787200 787200
0 787232 787232
0 787264 787264
0 787296 787296
0 787328 787328
0 787360 787360
0 787392 787392
0 787424 787424
0 1048576 1048576
0 1048608 1048608
0 1048640 1048640
0 1048672 1048672
0 1048704 1048704
0 1048736 1048736
0 1048768 1048768
0 1048800 1048800
0 1048832 1048832
0 1048864 1048864
0 1048896 1048896
0 1048928 1048928
0 1048960 1048960
0 1048992 1048992
0 1049024 1049024
0 1049056 1049056
0 1049088 1049088
0 1049120 1049120
0 1049152 1049152
0 1049184 1049184
0 1049216 1049216
0 1049248 1049248
0 1049280 1049280
0 1049312 1049312
0 1049344 1049344
0 1049376 1049376
0 1049408 1049408
0 1049440 1049440
0 1049472 1049472
0 1049504 1049504
0 1049536 1049536
0 1049568 1049568
0 1310720 1310720
0 1310752 1310752
0 1310784 1310784
0 1310816 1310816
0 1310848 1310848
0 1310880 1310880
0 1310912 1310912
0 1310944 1310944
0 1310976 1310976
0 1311008 1311008
0 1311040 1311040
0 1311072 1311072
0 1311104 1311104
0 1311136 1311136
0 1311168 1311168
0 1311200 1311200
0 1311232 1311232
0 1311264 1311264
0 1311296 1311296
0 1311328 1311328
0 1311360 1311360
0 1311392 1311392
0 1311424 1311424
0 1311456 1311456
0 1311488 1311488
0 1311520 1311520
0 1311552 1311552
0 1311584 1311584
0 1311616 1311616
0 1311648 1311648
0 1311680 1311680
0 1311712 1311712
0 1572864 1572864
0 1572896 1572896
0 1572928 1572928
0 1572960 1572960
0 1572992 1572992
0 1573024 1573024
0 1573056 1573056
0 1573088 1573088
0 1573120 1573120
0 1573152 1573152
0 1573184 1573184
0 1573216 1573216
0 1573248 1573248
0 1573280 1573280
0 1573312 1573312
0 1573344 1573344
0 1573376 1573376
0 1573408 1573408
0 1573440 1573440
0 1573472 1573472
0 1573504 1573504
0 1573536 1573536
0 1573568 1573568
0 1573600 1573600
0 1573632 1573632
0 1573664 1573664
0 1573696 1573696
0 1573728 1573728
0 1573760 1573760
0 1573792 1573792
0 1573824 1573824
0 1573856 1573856
0 1835008 1835008
0 1835040 1835040
0 1835072 1835072
0 1835104 1835104
0 1835136 1835136
0 1835168 1835168
0 1835200 1835200
0 1835232 1835232
0 1835264 1835264
0 1835296 1835296
0 1835328 1835328
0 1835360 1835360
0 1835392 1835392
0 1835424 1835424
0 1835456 1835456
0 1835488 1835488
0 1835520 1835520
0 1835552 1835552
0 1835584 1835584
0 1835616 1835616
0 1835648 1835648
0 1835680 1835680
0 1835712 1835712
0 1835744 1835744
0 1835776 1835776
0 1835808 1835808
0 1835840 1835840
0 1835872 1835872
0 1835904 1835904
0 1835936 1835936
0 1835968 1835968
0 1836000 1836000
0 2097152 2097152
0 2097184 2097184
0 2097216 2097216
0 2097248 2097248
0 2097280 2097280
0 2097312 2097312
0 2097344 2097344
0 2097376 2097376
0 2097408 2097408
0 2097440 2097440
0 2097472 2097472
0 2097504 2097504
0 2097536 2097536
0 2097568 2097568
0 2097600 2097600
0 2097632 2097632
0 2097664 2097664
0 2097696 2097696
0 2097728 2097728
0 2097760 2097760
0 2097792 2097792
0 2097824 2097824
0 2097856 2097856
0 2097888 2097888
0 2097920 2097920
0 2097952 2097952
0 2097984 2097984
0 2098016 2098016
0 2098048 2098048
0 2098080 2098080
0 2098112 2098112
0 2098144 2098144
0 2359296 2359296
0 2359328 2359328
0 2359360 2359360
0 2359392 2359392
0 2359424 2359424
0 2359456 2359456
0 2359488 2359488
0 2359520 2359520
0 2359552 2359552
0 2359584 2359584
0 2359616 2359616
0 2359648 2359648
0 2359680
0 2359712
0 2359744
0 2359776
0 2359808
0 2359840
0 2359872
0 2359904
0 2359936
0 2359968
0 2360000
0 2360032
0 2360064
0 2360096
0 2360128
0 2360160
0 2360192
0 2360224
0 2360256
0 2360288
0 2621440
0 2621472
0 2621504
0 2621536
0 2621568
0 2621600
0 2621632
0 2621664
0 2621696
0 2621728
0 2621760
0 2621792
0 2621824
0 2621856
0 2621888
0 2621920
0 2621952
0 2621984
0 2622016
0 2622048
0 2622080
0 2622112
0 2622144
0 2622176
0 2622208
0 2622240
0 2622272
0 2622304
0 2622336
0 2622368
0 2622400
0 2622432
0 2883584
0 2883616
0 2883648
0 2883680
0 2883712
0 2883744
0 2883776
0 2883808
0 2883840
0 2883872
0 2883904
0 2883936
0 2883968
0 2884000
0 2884032
0 2884064
0 2884096
0 2884128
0 2884160
0 2884192
0 2884224
0 2884256
0 2884288
0 2884320
0 2884352
0 2884384
0 2884416
0 2884448
0 2884480
0 2884512
0 2884544
0 2884576
0 3145728
0 3145760
0 3145792
0 3145824
0 3145856
0 3145888
0 3145920
0 3145952
0 3145984
0 3146016
0 3146048
0 3146080
0 3146112
0 3146144
0 3146176
0 3146208
0 3146240
0 3146272
0 3146304
0 3146336
0 3146368
0 3146400
0 3146432
0 3146464
0 3146496
0 3146528
0 3146560
0 3146592
0 3146624
0 3146656
0 3146688
0 3146720
0 3407872
0 3407904
0 3407936
0 3407968
0 3408000
0 3408032
0 3408064
0 3408096
0 3408128
0 3408160
0 3408192
0 3408224
0 3408256
0 3408288
0 3408320
0 3408352
0 3408384
0 3408416
0 3408448
0 3408480
0 3408512
0 3408544
0 3408576
0 3408608
0 3408640
0 3408672
0 3408704
0 3408736
0 3408768
0 3408800
0 3408832
0 3408864
0 3670016
0 3670048
0 3670080
0 3670112
0 3670144
0 3670176
0 3670208
0 3670240
0 3670272
0 3670304
0 3670336
0 3670368
0 3670400
0 3670432
0 3670464
0 3670496
0 3670528
0 3670560
0 3670592
0 3670624
0 3670656
0 3670688
0 3670720
0 3670752
0 3670784
0 3670816
0 3670848
0 3670880
0 3670912
0 3670944
0 3670976
0 3671008
0 3932160
0 3932192
0 3932224
0 3932256
0 3932288
0 3932320
0 3932352
0 3932384
0 3932416
0 3932448
0 3932480
0 3932512
0 3932544
0 3932576
0 3932608
0 3932640
0 3932672
0 3932704
0 3932736
0 3932768
0 3932800
0 3932832
0 3932864
0 3932896
0 3932928
0 3932960
0 3932992
0 3933024
0 3933056
0 3933088
0 3933120
0 3933152
0 4194304
0 4194336
0 4194368
0 4194400
0 4194432
0 4194464
0 4194496
0 4194528
0 4194560
0 4194592
0 4194624
0 4194656
0 4194688
0 4194720
0 4194752
0 4194784
0 4194816
0 4194848
0 4194880
0 4194912
0 4194944
0 4194976
0 4195008
0 4195040
0 4195072
0 4195104
0 4195136
0 4195168
0 4195200
0 4195232
0 4195264
0 4195296
0 4456448
0 4456480
0 4456512
0 4456544
0 4456576
0 4456608
0 4456640
0 4456672
0 4456704
0 4456736
0 4456768
0 4456800
0 4456832
0 4456864
0 4456896
0 4456928
0 4456960
0 4456992
0 4457024
0 4457056
0 4457088
0 4457120
0 4457152
0 4457184
0 4457216
0 4457248
0 4457280
0 4457312
0 4457344
0 4457376
0 4457408
0 4457440
0 4718592
0 4718624
0 4718656
0 4718688
0 4718720
0 4718752
0 4718784
0 4718816
0 4718848
0 4718880
0 4718912
0 4718944
0 4718976
0 4719008
0 4719040
0 4719072
0 4719104
0 4719136
0 4719168
0 4719200
0 4719232
0 4719264
0 4719296
0 4719328
0 4719360
0 4719392
0 4719424
0 4719456
0 4719488
0 4719520
0 4719552
0 4719584
0 4980736
0 4980768
0 4980800
0 4980832
0 4980864
0 4980896
0 4980928
0 4980960
0 4980992
0 4981024
0 4981056
0 4981088
0 4981120
0 4981152
0 4981184
0 4981216
0 4981248
0 4981280
0 4981312
0 4981344
0 4981376
0 4981408
0 4981440
0 4981472
0 4981504
0 4981536
0 4981568
0 4981600
0 4981632
0 4981664
0 4981696
0 4981728
0 5242880
0 5242912
0 5242944
0 5242976
0 5243008
0 5243040
0 5243072
0 5243104
0 5243136
0 5243168
0 5243200
0 5243232
0 5243264
0 5243296
0 5243328
0 5243360
0 5243392
0 5243424
0 5243456
0 5243488
0 5243520
0 5243552
0 5243584
0 5243616
0 5243648
0 5243680
0 5243712
0 5243744
0 5243776
0 5243808
0 5243840
0 5243872
0 5505024
0 5505056
0 5505088
0 5505120
0 5505152
0 5505184
0 5505216
0 5505248
0 5505280
0 5505312
0 5505344
0 5505376
0 5505408
0 5505440
0 5505472
0 5505504
0 5505536
0 5505568
0 5505600
0 5505632
0 5505664
0 5505696
0 5505728
0 5505760
0 5505792
0 5505824
0 5505856
0 5505888
